=== DZ 2.2: UART as a PWM source ===
TX на GPIO 17, перемичка на GPIO 7 для виміру заповнення

клавіші в моніторі:
  1  - байт 0x00, заповнення 10 %
  2  - байт 0x0F, заповнення 50 %
  3  - байт 0x55, заповнення 50 %
  4  - байт 0xFF, заповнення 90 %
  +/- - наступна / попередня швидкість порту
  s   - пауза або продовження потоку
  ?   - ця підказка

поки клавіш не було, байти перебираються самі, по 4000 ms на кожен

 байт | бод    | кадр us | теорія % | виміряно % | вільно в буфері
------+--------+---------+----------+------------+----------------

байт 0x0F (чотири одиниці підряд — широкий імпульс і вузький стоп)
кадр: 0 11110000 1  (молодший біт першим)
швидкість 9600 бод: біт 104166 ns, кадр 1041 us (960 Hz)
теоретично: 5 біт з 10 високі -> 50 %, високий рівень 520 us на кадр
 0x0F |   9600 |    1041 |      50% |        10% |            1974
 0x0F |   9600 |    1041 |      50% |        10% |            2012
 0x0F |   9600 |    1041 |      50% |        50% |            1922
 0x0F |   9600 |    1041 |      50% |        50% |            1960

байт 0x55 (біти чергуються — на лінії чистий меандр baud/2)
кадр: 0 10101010 1  (молодший біт першим)
теоретично: 5 біт з 10 високі -> 50 %, високий рівень 520 us на кадр
 0x55 |   9600 |    1041 |      50% |        50% |            1998
 0x55 |   9600 |    1041 |      50% |        50% |            2026
 0x55 |   9600 |    1041 |      50% |        50% |            1936

байт 0xFF (усі біти даних одиниці, низький тільки старт)
кадр: 0 11111111 1  (молодший біт першим)
теоретично: 9 біт з 10 високі -> 90 %, високий рівень 937 us на кадр
 0xFF |   9600 |    1041 |      90% |        50% |            1974
 0xFF |   9600 |    1041 |      90% |        50% |            2012
 0xFF |   9600 |    1041 |      90% |        90% |            1922
 0xFF |   9600 |    1041 |      90% |        90% |            1960

байт 0x00 (усі біти даних нулі, високий тільки стоп)
кадр: 0 00000000 1  (молодший біт першим)
теоретично: 1 біт з 10 високі -> 10 %, високий рівень 104 us на кадр
 0x00 |   9600 |    1041 |      10% |        90% |            1998
 0x00 |   9600 |    1041 |      10% |        49% |            2026
 0x00 |   9600 |    1041 |      10% |        10% |            1936
 0x00 |   9600 |    1041 |      10% |        10% |            1974

байт 0x0F
 0x0F |   9600 |    1041 |      50% |        10% |            2012
 0x0F |   9600 |    1041 |      50% |        50% |            1922
 0x0F |   9600 |    1041 |      50% |        50% |            1960

байт 0x55
 0x55 |   9600 |    1041 |      50% |        50% |            1998
 0x55 |   9600 |    1041 |      50% |        50% |            2026
 0x55 |   9600 |    1041 |      50% |        50% |            1936
 0x55 |   9600 |    1041 |      50% |        50% |            1974

байт 0xFF
 0xFF |   9600 |    1041 |      90% |        50% |            2012
 0xFF |   9600 |    1041 |      90% |        90% |            1922
 0xFF |   9600 |    1041 |      90% |        90% |            1960
 0xFF |   9600 |    1041 |      90% |        90% |            1998

байт 0x00
 0x00 |   9600 |    1041 |      10% |        90% |            2026
 0x00 |   9600 |    1041 |      10% |        10% |            1936
 0x00 |   9600 |    1041 |      10% |        10% |            1974
