ESP-ROM:esp32s3-20210327
Build:Mar 27 2021
rst:0x1 (POWERON),boot:0x8 (SPI_FAST_FLASH_BOOT)
SPIWP:0xee
mode:DIO, clock div:1
load:0x3fce3808,len:0x4bc
load:0x403c9700,len:0xbd8
load:0x403cc700,len:0x2a0c
entry 0x403c98d0
Button interrupt count: 1
Button interrupt count: 2
Button interrupt count: 3
Button interrupt count: 4
Button interrupt count: 5
Button interrupt count: 6
Button interrupt count: 7
Button interrupt count: 8
Button interrupt count: 9
Button interrupt count: 10
Button interrupt count: 11
Button interrupt count: 12
Button interrupt count: 13
Button interrupt count: 14
Button interrupt count: 15
Button interrupt count: 16
Button interrupt count: 17
Button interrupt count: 18
Button interrupt count: 19
Button interrupt count: 20
Button interrupt count: 21
Button interrupt count: 22
Button interrupt count: 23
