=== DZ 2.2: relay switching time ===
обмотка на GPIO 8 (реле вмикається рівнем HIGH)
контакт на GPIO 2 (INPUT_PULLUP, переривання по CHANGE, замкнутий = LOW)
вікно заспокоєння 5000 us, таймаут 100000 us, пауза між командами 300 ms
стартовий стан контакту: розімкнутий

t1  - від команди до першого фронту (спрацювання механіки)
ts  - від команди до останнього фронту (брязкіт стих)
bnc - тривалість брязкоту, ts - t1;  n - скільки фронтів побачив МК
--- перевірка ланцюга, без переривань ---
GPIO 8 = HIGH -> контакт замкнутий
GPIO 8 = LOW -> контакт розімкнутий
ланцюг у порядку, міряю час


   # | on: t1 | on: ts | on: bnc | n | off: t1 | off: ts | off: bnc | n
-----+--------+--------+---------+---+---------+---------+----------+---
   1 |   4120 |   4348 |     228 | 10 |    3578 |    3578 |        0 | 1
   2 |   4136 |   4358 |     222 | 9 |    3578 |    3578 |        0 | 1
   3 |   4134 |   4362 |     228 | 9 |    3579 |    3579 |        0 | 1
   4 |   4135 |   4364 |     229 | 9 |    3578 |    3578 |        0 | 1
   5 |   4150 |   4377 |     227 | 9 |    3550 |    3578 |       28 | 2
   6 |   4143 |   4371 |     228 | 9 |    3550 |    3577 |       27 | 2
   7 |   4138 |   4366 |     228 | 9 |    3577 |    3577 |        0 | 1
   8 |   4139 |   4365 |     226 | 12 |    3576 |    3576 |        0 | 1
   9 |   4140 |   4367 |     227 | 9 |    3546 |    3574 |       28 | 2
  10 |   4141 |   4369 |     228 | 12 |    3576 |    3576 |        0 | 1
  11 |   4149 |   4376 |     227 | 9 |    3546 |    3574 |       28 | 2
  12 |   4150 |   4378 |     228 | 9 |    3545 |    3575 |       30 | 2
  13 |   4140 |   4368 |     228 | 10 |    3542 |    3571 |       29 | 2
  14 |   4151 |   4379 |     228 | 9 |    3571 |    3571 |        0 | 1
  15 |   4159 |   4387 |     228 | 10 |    3542 |    3571 |       29 | 2

=== підсумок за 15 циклів ===
увімкнення (pull-in) avg   4141 us (4.14 ms) | min   4120 us | max   4159 us
брязкіт при увімкненні avg    227 us (0.22 ms) | min    222 us | max    229 us
вимкнення (release) avg   3562 us (3.56 ms) | min   3542 us | max   3579 us
брязкіт при вимкненні avg     13 us (0.01 ms) | min      0 us | max     30 us
фронтів при увімкненні: 144 на 15 вимірів (9.6 на спрацювання)
фронтів при вимкненні:  22 на 15 вимірів (1.4 на спрацювання)

надішли будь-який символ у монітор, щоб повторити серію
--- перевірка ланцюга, без переривань ---
GPIO 8 = HIGH -> контакт замкнутий
GPIO 8 = LOW -> контакт розімкнутий
ланцюг у порядку, міряю час


   # | on: t1 | on: ts | on: bnc | n | off: t1 | off: ts | off: bnc | n
-----+--------+--------+---------+---+---------+---------+----------+---
   1 |   4128 |   4355 |     227 | 9 |    3571 |    3571 |        0 | 1
   2 |   4143 |   4371 |     228 | 10 |    3571 |    3571 |        0 | 1
   3 |   4140 |   4367 |     227 | 9 |    3544 |    3572 |       28 | 2
   4 |   4142 |   4369 |     227 | 10 |    3572 |    3572 |        0 | 1
   5 |   4144 |   4372 |     228 | 9 |    3543 |    3571 |       28 | 2
   6 |   4149 |   4376 |     227 | 10 |    3569 |    3569 |        0 | 1
   7 |   4153 |   4381 |     228 | 9 |    3541 |    3570 |       29 | 2
   8 |   4147 |   4373 |     226 | 11 |    3568 |    3568 |        0 | 1
   9 |   4146 |   4371 |     225 | 10 |    3567 |    3567 |        0 | 1
  10 |   4158 |   4386 |     228 | 10 |    3539 |    3566 |       27 | 2
  11 |   4154 |   4382 |     228 | 9 |    3540 |    3565 |       25 | 3
  12 |   4161 |   4388 |     227 | 9 |    3538 |    3565 |       27 | 3
  13 |   4160 |   4388 |     228 | 10 |    3563 |    3563 |        0 | 1
  14 |   4163 |   4387 |     224 | 10 |    3563 |    3563 |        0 | 1
  15 |   4157 |   4384 |     227 | 9 |    3562 |    3562 |        0 | 1

=== підсумок за 15 циклів ===
увімкнення (pull-in) avg   4149 us (4.14 ms) | min   4128 us | max   4163 us
брязкіт при увімкненні avg    227 us (0.22 ms) | min    224 us | max    228 us
вимкнення (release) avg   3556 us (3.55 ms) | min   3538 us | max   3572 us
брязкіт при вимкненні avg     10 us (0.01 ms) | min      0 us | max     29 us
фронтів при увімкненні: 144 на 15 вимірів (9.6 на спрацювання)
фронтів при вимкненні:  23 на 15 вимірів (1.5 на спрацювання)

надішли будь-який символ у монітор, щоб повторити серію
--- перевірка ланцюга, без переривань ---
GPIO 8 = HIGH -> контакт замкнутий
GPIO 8 = LOW -> контакт розімкнутий
ланцюг у порядку, міряю час


   # | on: t1 | on: ts | on: bnc | n | off: t1 | off: ts | off: bnc | n
-----+--------+--------+---------+---+---------+---------+----------+---
   1 |   4138 |   4363 |     225 | 9 |    3560 |    3560 |        0 | 1
   2 |   4159 |   4385 |     226 | 9 |    3561 |    3561 |        0 | 1
   3 |   4156 |   4382 |     226 | 10 |    3560 |    3560 |        0 | 1
   4 |   4158 |   4385 |     227 | 9 |    3560 |    3560 |        0 | 1
   5 |   4152 |   4378 |     226 | 9 |    3560 |    3560 |        0 | 1
   6 |   4153 |   4380 |     227 | 10 |    3559 |    3559 |        0 | 1
   7 |   4155 |   4382 |     227 | 10 |    3559 |    3559 |        0 | 1
   8 |   4156 |   4351 |     195 | 9 |    3557 |    3557 |        0 | 1
   9 |   4170 |   4396 |     226 | 9 |    3556 |    3556 |        0 | 1
  10 |   4163 |   4386 |     223 | 10 |    3556 |    3556 |        0 | 1
  11 |   4170 |   4397 |     227 | 9 |    3555 |    3555 |        0 | 1
  12 |   4170 |   4397 |     227 | 10 |    3555 |    3555 |        0 | 1
  13 |   4167 |   4393 |     226 | 10 |    3555 |    3555 |        0 | 1
  14 |   4168 |   4395 |     227 | 9 |    3553 |    3553 |        0 | 1
  15 |   4178 |   4405 |     227 | 9 |    3552 |    3552 |        0 | 1

=== підсумок за 15 циклів ===
увімкнення (pull-in) avg   4160 us (4.16 ms) | min   4138 us | max   4178 us
брязкіт при увімкненні avg    224 us (0.22 ms) | min    195 us | max    227 us
вимкнення (release) avg   3557 us (3.55 ms) | min   3552 us | max   3561 us
брязкіт при вимкненні avg      0 us (0.00 ms) | min      0 us | max      0 us
фронтів при увімкненні: 141 на 15 вимірів (9.4 на спрацювання)
фронтів при вимкненні:  15 на 15 вимірів (1.0 на спрацювання)
