=== DZ 1.6: LDR light meter ===
GPIO 1 (ADC1), period 100 ms, ADCmax 4095, Uref 3100 mV
U(calc) = RAW * Uref / ADCmax,  U(API) = analogReadMilliVolts()
dU = U(calc) - U(API),  err = dU / U(API) * 100%

    # |   RAW | U(calc), mV | U(calc), V | U(API), mV |  dU, mV |  err, %
------+-------+-------------+------------+------------+---------+--------
    1 |  3772 |      2855.5 |      2.855 |       3000 |  -144.5 |   -4.82
    2 |  3801 |      2877.4 |      2.877 |       3017 |  -139.6 |   -4.63
    3 |  3809 |      2883.5 |      2.883 |       3017 |  -133.5 |   -4.43
    4 |  3806 |      2881.2 |      2.881 |       3018 |  -136.8 |   -4.53
    5 |  3803 |      2878.9 |      2.879 |       3017 |  -138.1 |   -4.58
    6 |  3855 |      2918.3 |      2.918 |       3042 |  -123.7 |   -4.07
    7 |  3888 |      2943.3 |      2.943 |       3061 |  -117.7 |   -3.85
    8 |  3887 |      2942.5 |      2.943 |       3057 |  -114.5 |   -3.74
    9 |  3851 |      2915.3 |      2.915 |       3042 |  -126.7 |   -4.17
   10 |  3813 |      2886.5 |      2.887 |       3023 |  -136.5 |   -4.51
   11 |  3807 |      2882.0 |      2.882 |       3020 |  -138.0 |   -4.57
   12 |  3819 |      2891.1 |      2.891 |       3027 |  -135.9 |   -4.49
   13 |  3835 |      2903.2 |      2.903 |       3034 |  -130.8 |   -4.31
   14 |  3859 |      2921.3 |      2.921 |       3046 |  -124.7 |   -4.09
   15 |  3859 |      2921.3 |      2.921 |       3042 |  -120.7 |   -3.97
   16 |  3871 |      2930.4 |      2.930 |       3050 |  -119.6 |   -3.92
   17 |  3981 |      3013.7 |      3.014 |       3101 |   -87.3 |   -2.82
   18 |  3967 |      3003.1 |      3.003 |       3094 |   -90.9 |   -2.94
   19 |  3955 |      2994.0 |      2.994 |       3090 |   -96.0 |   -3.11
   20 |  3951 |      2991.0 |      2.991 |       3089 |   -98.0 |   -3.17
      avg err: -4.03 %   max |err|: 4.82 %   (20 samples)

    # |   RAW | U(calc), mV | U(calc), V | U(API), mV |  dU, mV |  err, %
------+-------+-------------+------------+------------+---------+--------
   21 |  3947 |      2988.0 |      2.988 |       3084 |   -96.0 |   -3.11
   22 |  3933 |      2977.4 |      2.977 |       3076 |   -98.6 |   -3.21
   23 |  3930 |      2975.1 |      2.975 |       3078 |  -102.9 |   -3.34
   24 |  3945 |      2986.4 |      2.986 |       3084 |   -97.6 |   -3.16
   25 |  3933 |      2977.4 |      2.977 |       3080 |  -102.6 |   -3.33
   26 |  3918 |      2966.0 |      2.966 |       3076 |  -110.0 |   -3.58
   27 |  3911 |      2960.7 |      2.961 |       3070 |  -109.3 |   -3.56
   28 |  3895 |      2948.6 |      2.949 |       3061 |  -112.4 |   -3.67
   29 |  3876 |      2934.2 |      2.934 |       3056 |  -121.8 |   -3.99
   30 |  3689 |      2792.6 |      2.793 |       2954 |  -161.4 |   -5.46
   31 |  3131 |      2370.2 |      2.370 |       2590 |  -219.8 |   -8.49
   32 |  2333 |      1766.1 |      1.766 |       1959 |  -192.9 |   -9.85
   33 |  1775 |      1343.7 |      1.344 |       1494 |  -150.3 |  -10.06
   34 |  1683 |      1274.1 |      1.274 |       1413 |  -138.9 |   -9.83
   35 |  1643 |      1243.8 |      1.244 |       1384 |  -140.2 |  -10.13
   36 |  1619 |      1225.6 |      1.226 |       1365 |  -139.4 |  -10.21
   37 |  1613 |      1221.1 |      1.221 |       1358 |  -136.9 |  -10.08
   38 |  1603 |      1213.5 |      1.214 |       1352 |  -138.5 |  -10.24
   39 |  1653 |      1251.4 |      1.251 |       1390 |  -138.6 |   -9.97
   40 |  1589 |      1202.9 |      1.203 |       1336 |  -133.1 |   -9.96
      avg err: -6.76 %   max |err|: 10.24 %   (20 samples)

    # |   RAW | U(calc), mV | U(calc), V | U(API), mV |  dU, mV |  err, %
------+-------+-------------+------------+------------+---------+--------
   41 |  1580 |      1196.1 |      1.196 |       1328 |  -131.9 |   -9.93
   42 |  1519 |      1149.9 |      1.150 |       1351 |  -201.1 |  -14.88
   43 |  1577 |      1193.8 |      1.194 |       1328 |  -134.2 |  -10.10
   44 |  1572 |      1190.0 |      1.190 |       1323 |  -133.0 |  -10.05
   45 |  1500 |      1135.5 |      1.136 |       1395 |  -259.5 |  -18.60
   46 |  1605 |      1215.0 |      1.215 |       1353 |  -138.0 |  -10.20
   47 |  1672 |      1265.7 |      1.266 |       1400 |  -134.3 |   -9.59
   48 |  1693 |      1281.6 |      1.282 |       1422 |  -140.4 |   -9.87
   49 |  1661 |      1257.4 |      1.257 |       1401 |  -143.6 |  -10.25
   50 |  1597 |      1209.0 |      1.209 |       1348 |  -139.0 |  -10.31
   51 |  1579 |      1195.3 |      1.195 |       1330 |  -134.7 |  -10.13
   52 |  1530 |      1158.2 |      1.158 |       1289 |  -130.8 |  -10.14
   53 |  1481 |      1121.1 |      1.121 |       1251 |  -129.9 |  -10.38
   54 |  1435 |      1086.3 |      1.086 |       1213 |  -126.7 |  -10.44
   55 |  1380 |      1044.7 |      1.045 |       1167 |  -122.3 |  -10.48
   56 |  1273 |       963.7 |      0.964 |       1076 |  -112.3 |  -10.44
   57 |  1209 |       915.2 |      0.915 |       1018 |  -102.8 |  -10.09
   58 |  1172 |       887.2 |      0.887 |        992 |  -104.8 |  -10.56
   59 |  1135 |       859.2 |      0.859 |        963 |  -103.8 |  -10.78
   60 |  1113 |       842.6 |      0.843 |        947 |  -104.4 |  -11.03
      avg err: -10.91 %   max |err|: 18.60 %   (20 samples)

    # |   RAW | U(calc), mV | U(calc), V | U(API), mV |  dU, mV |  err, %
------+-------+-------------+------------+------------+---------+--------
   61 |  1093 |       827.4 |      0.827 |        922 |   -94.6 |  -10.26
   62 |  1059 |       801.7 |      0.802 |        895 |   -93.3 |  -10.43
   63 |  1034 |       782.8 |      0.783 |        872 |   -89.2 |  -10.23
   64 |   951 |       719.9 |      0.720 |        815 |   -95.1 |  -11.67
   65 |   889 |       673.0 |      0.673 |        753 |   -80.0 |  -10.63
   66 |   845 |       639.7 |      0.640 |        713 |   -73.3 |  -10.28
   67 |   793 |       600.3 |      0.600 |        682 |   -81.7 |  -11.98
   68 |   792 |       599.6 |      0.600 |        679 |   -79.4 |  -11.70
   69 |   873 |       660.9 |      0.661 |        746 |   -85.1 |  -11.41
   70 |   956 |       723.7 |      0.724 |        815 |   -91.3 |  -11.20
   71 |   983 |       744.2 |      0.744 |        835 |   -90.8 |  -10.88
   72 |  1007 |       762.3 |      0.762 |        853 |   -90.7 |  -10.63
   73 |  1015 |       768.4 |      0.768 |        860 |   -91.6 |  -10.65
   74 |  1033 |       782.0 |      0.782 |        883 |  -101.0 |  -11.44
   75 |  1041 |       788.1 |      0.788 |        883 |   -94.9 |  -10.75
   76 |  1055 |       798.7 |      0.799 |        895 |   -96.3 |  -10.76
   77 |  1103 |       835.0 |      0.835 |        934 |   -99.0 |  -10.60
   78 |  1199 |       907.7 |      0.908 |       1014 |  -106.3 |  -10.49
   79 |  1371 |      1037.9 |      1.038 |       1160 |  -122.1 |  -10.53
   80 |  1502 |      1137.0 |      1.137 |       1265 |  -128.0 |  -10.12
      avg err: -10.83 %   max |err|: 11.98 %   (20 samples)

    # |   RAW | U(calc), mV | U(calc), V | U(API), mV |  dU, mV |  err, %
------+-------+-------------+------------+------------+---------+--------
   81 |  1589 |      1202.9 |      1.203 |       1336 |  -133.1 |   -9.96
   82 |  1619 |      1225.6 |      1.226 |       1359 |  -133.4 |   -9.81
   83 |  1622 |      1227.9 |      1.228 |       1369 |  -141.1 |  -10.31
   84 |  1625 |      1230.2 |      1.230 |       1367 |  -136.8 |  -10.01
   85 |  1621 |      1227.1 |      1.227 |       1369 |  -141.9 |  -10.36
   86 |  3943 |      2984.9 |      2.985 |       3084 |   -99.1 |   -3.21
   87 |  3959 |      2997.0 |      2.997 |       3093 |   -96.0 |   -3.10
   88 |  3957 |      2995.5 |      2.996 |       3092 |   -96.5 |   -3.12
   89 |  3941 |      2983.4 |      2.983 |       3084 |  -100.6 |   -3.26
   90 |  3929 |      2974.3 |      2.974 |       3078 |  -103.7 |   -3.37
   91 |  3933 |      2977.4 |      2.977 |       3080 |  -102.6 |   -3.33
   92 |  3927 |      2972.8 |      2.973 |       3076 |  -103.2 |   -3.35
   93 |  3913 |      2962.2 |      2.962 |       3071 |  -108.8 |   -3.54
   94 |  3915 |      2963.7 |      2.964 |       3072 |  -108.3 |   -3.52
   95 |  3917 |      2965.3 |      2.965 |       3072 |  -106.7 |   -3.47
   96 |  3913 |      2962.2 |      2.962 |       3066 |  -103.8 |   -3.38
   97 |  3909 |      2959.2 |      2.959 |       3071 |  -111.8 |   -3.64
   98 |  3917 |      2965.3 |      2.965 |       3070 |  -104.7 |   -3.41
   99 |  3913 |      2962.2 |      2.962 |       3072 |  -109.8 |   -3.57
  100 |  3919 |      2966.8 |      2.967 |       3072 |  -105.2 |   -3.43
      avg err: -5.06 %   max |err|: 10.36 %   (20 samples)

    # |   RAW | U(calc), mV | U(calc), V | U(API), mV |  dU, mV |  err, %
------+-------+-------------+------------+------------+---------+--------
  101 |  3919 |      2966.8 |      2.967 |       3072 |  -105.2 |   -3.43
  102 |  3909 |      2959.2 |      2.959 |       3071 |  -111.8 |   -3.64
  103 |  3901 |      2953.1 |      2.953 |       3068 |  -114.9 |   -3.74
  104 |  3921 |      2968.3 |      2.968 |       3076 |  -107.7 |   -3.50
  105 |  3929 |      2974.3 |      2.974 |       3077 |  -102.7 |   -3.34
  106 |  3559 |      2694.2 |      2.694 |       2877 |  -182.8 |   -6.35
  107 |  2757 |      2087.1 |      2.087 |       2296 |  -208.9 |   -9.10
  108 |  2039 |      1543.6 |      1.544 |       1718 |  -174.4 |  -10.15
  109 |  1843 |      1395.2 |      1.395 |       1550 |  -154.8 |   -9.99
  110 |  1803 |      1364.9 |      1.365 |       1518 |  -153.1 |  -10.09
  111 |  1783 |      1349.8 |      1.350 |       1500 |  -150.2 |  -10.02
  112 |  1773 |      1342.2 |      1.342 |       1490 |  -147.8 |   -9.92
  113 |  1763 |      1334.6 |      1.335 |       1483 |  -148.4 |  -10.00
  114 |  1754 |      1327.8 |      1.328 |       1476 |  -148.2 |  -10.04
  115 |  1755 |      1328.6 |      1.329 |       1474 |  -145.4 |   -9.87
  116 |  1752 |      1326.3 |      1.326 |       1474 |  -147.7 |  -10.02
  117 |  1750 |      1324.8 |      1.325 |       1469 |  -144.2 |   -9.82
  118 |  1749 |      1324.0 |      1.324 |       1468 |  -144.0 |   -9.81
  119 |  1741 |      1318.0 |      1.318 |       1464 |  -146.0 |   -9.97
  120 |  1727 |      1307.4 |      1.307 |       1452 |  -144.6 |   -9.96
      avg err: -8.14 %   max |err|: 10.15 %   (20 samples)

    # |   RAW | U(calc), mV | U(calc), V | U(API), mV |  dU, mV |  err, %
------+-------+-------------+------------+------------+---------+--------
  121 |  1725 |      1305.9 |      1.306 |       1450 |  -144.1 |   -9.94
  122 |  1733 |      1311.9 |      1.312 |       1455 |  -143.1 |   -9.83
  123 |  1727 |      1307.4 |      1.307 |       1453 |  -145.6 |  -10.02
  124 |  1727 |      1307.4 |      1.307 |       1455 |  -147.6 |  -10.15
  125 |  1727 |      1307.4 |      1.307 |       1452 |  -144.6 |   -9.96
  126 |  1725 |      1305.9 |      1.306 |       1453 |  -147.1 |  -10.13
  127 |  1733 |      1311.9 |      1.312 |       1452 |  -140.1 |   -9.65
  128 |  1725 |      1305.9 |      1.306 |       1453 |  -147.1 |  -10.13
  129 |  1725 |      1305.9 |      1.306 |       1453 |  -147.1 |  -10.13
  130 |  1723 |      1304.3 |      1.304 |       1447 |  -142.7 |   -9.86
  131 |  1724 |      1305.1 |      1.305 |       1452 |  -146.9 |  -10.12
  132 |  1725 |      1305.9 |      1.306 |       1441 |  -135.1 |   -9.38
  133 |  1721 |      1302.8 |      1.303 |       1447 |  -144.2 |   -9.96
  134 |  1723 |      1304.3 |      1.304 |       1452 |  -147.7 |  -10.17
  135 |  1723 |      1304.3 |      1.304 |       1450 |  -145.7 |  -10.05
  136 |  1722 |      1303.6 |      1.304 |       1450 |  -146.4 |  -10.10
  137 |  1721 |      1302.8 |      1.303 |       1450 |  -147.2 |  -10.15
  138 |  1721 |      1302.8 |      1.303 |       1449 |  -146.2 |  -10.09
  139 |  1723 |      1304.3 |      1.304 |       1447 |  -142.7 |   -9.86
